// 重构日志: c153022e
// 重构日志: 116c17f0
// 重构日志: d75d3f5a
// 重构日志: 19d4f27b
// 同步 ID: 2deb83a8 @ Sat Jul 25 14:05:00 UTC 2026
// 重构日志: 88bc8766
// 同步 ID: e0c4d909 @ Sun Jul 26 08:04:22 UTC 2026
// 同步 ID: a9529fb9 @ Sun Jul 26 12:58:01 UTC 2026
// 重构日志: 060ce224
// 同步 ID: c94e6a2f @ Mon Jul 27 08:41:21 UTC 2026
// 重构日志: 16196cd9
// 重构日志: ea3ae610
// 同步 ID: 74a89851 @ Thu Jul 30 17:32:59 UTC 2026
// 重构日志: 07fdf600
// 重构日志: c3ec9f86
// 重构日志: 91274cf9
// 重构日志: c13c0930
// 重构日志: 7659e2ee
// 重构日志: 8e2dc957
// 重构日志: 23deffc8
// 重构日志: 6a99e0a0
// 重构日志: 56d56f22
// 重构日志: caedd56b
// 重构日志: 64c01f38
// 重构日志: 7dd51985
// 同步 ID: 59a47085 @ Wed Aug  5 15:39:39 UTC 2026
// 重构日志: b06f525f
// 同步 ID: 2a760f0b @ Sat Aug  8 02:52:06 UTC 2026
// 同步 ID: 4f045db0 @ Sat Aug  8 06:25:21 UTC 2026
// 同步 ID: d14255eb @ Sat Aug  8 16:18:25 UTC 2026
